// Jest Snapshot v1, https://goo.gl/fbAQLP

exports[`Pruebas en componente <GifGripItem /> El Componente se debe mostrar correctamente 1`] = `
<div
  className="card animate__animated animate__bounce"
>
  <img
    alt="mrw GIF"
    src="https://giphy.com/gifs/UOvFfXGINpmN2"
  />
  <p>
    mrw GIF
  </p>
</div>
`;
